[geekprank.com/hacker/index.html]
[geekprank.com/hacker/jquery-jqui.js]
[geekprank.com/hacker/amp/index.html]
[backblue.gif]
[fade.gif]
[index.html]
[geekprank.com/hacker/hacker32b4.css]
[pagead2.googlesyndication.com/pagead/js/f.txt]
[geekprank.com/hacker/simulador/index.html]
[geekprank.com/hacker/simulador-pt/index.html]
[geekprank.com/hacker/simulateur/index.html]
[geekprank.com/hacker/geek-hacker-typer.jpg]
[geekprank.com/hacker/simulator/index.html]
[geekprank.com/hacker/simulatoru/index.html]
[geekprank.com/hacker/wait.gif]
[geekprank.com/hacker/lock-green.gif]
[geekprank.com/hacker/typer/index.html]
[geekprank.com/hacker/top-secret.png]
[geekprank.com/hacker/skull.png]
[geekprank.com/hacker/topsecret.png]
[geekprank.com/hacker/globe.gif]
[geekprank.com/hacker/triangle.gif]
[geekprank.com/hacker/satellite.gif]
[geekprank.com/hacker/map1.jpg]
[geekprank.com/hacker/particles.min.js]
[geekprank.com/hacker/hacker32b4.js]
[www.google-analytics.com/analytics.js]
[geekprank.com/hacker/index.html]
[geekprank.com/images/welcome-icons.png]
[cdn.ampproject.org/v0.js]
[cdn.ampproject.org/v0/amp-social-share-0.1.js]
[cdn.ampproject.org/v0/amp-analytics-0.1.js]
[cdn.ampproject.org/v0/amp-sidebar-0.1.js]
[cdn.ampproject.org/v0/amp-carousel-0.1.js]
[cdn.ampproject.org/v0/amp-facebook-like-0.1.js]
[geekprank.com/images/slider/insect-hunter-game.jpg]
[geekprank.com/images/slider/hacker.jpg]
[geekprank.com/images/slider/pretty-cool-site.jpg]
[geekprank.com/images/slider/fake-virus-screen-system-lock.jpg]
[geekprank.com/hacker/bitcoin-miner/index.html]
[geekprank.com/images/slider/computer-fbi-warning.jpg]
[geekprank.com/images/slider/never-ending-apple-ios-upload-screen.jpg]
[geekprank.com/images/slider/prank-windows-xp-upgrade-screen.jpg]
[geekprank.com/images/slider/infinite-windows7-update.jpg]
[geekprank.com/images/slider/windows-10-upgrade-loading.jpg]
[geekprank.com/images/slider/online-dos-cmd-simulator.jpg]
[geekprank.com/images/slider/bios-cmos-boot-setting-simulator.jpg]
[geekprank.com/images/slider/matrix-rain-screen.jpg]
[geekprank.com/images/slider/black-white-tv-dots.jpg]
[geekprank.com/images/slider/cracked-monitor.jpg]
[geekprank.com/images/slider/jurassic-park.jpg]
[geekprank.com/images/slider/windows-blue-death-screen-cmos-error-kernel-panic.jpg]
[geekprank.com/hacker/amp/index.html]
[geekprank.com/hacker/images/ui-icons_444444_256x240.png]
[geekprank.com/hacker/images/ui-icons_555555_256x240.png]
[geekprank.com/hacker/images/ui-icons_ffffff_256x240.png]
[geekprank.com/hacker/images/ui-icons_777620_256x240.png]
[geekprank.com/hacker/images/ui-icons_cc0000_256x240.png]
[geekprank.com/hacker/images/ui-icons_777777_256x240.png]
[geekprank.com/hacker/flags.png]
[geekprank.com/hacker/green-folder.png]
[geekprank.com/hacker/bitcoin.png]
[geekprank.com/hacker/green-graph.gif]
[geekprank.com/hacker/hammer.png]
[geekprank.com/hacker/bang.png]
[geekprank.com/hacker/heap.png]
[geekprank.com/hacker/wait-icon.png]
[geekprank.com/hacker/ui-icons.png]
[geekprank.com/hacker/green-back.jpg]
[geekprank.com/hacker/execute.png]
[geekprank.com/hacker/progres.png]
[geekprank.com/hacker/server.gif]
[geekprank.com/hacker/lock-closed-green.gif]
[geekprank.com/hacker/nuclearPlant.png]
[geekprank.com/hacker/hacker32b4.css]
[geekprank.com/hacker/simulador/index.html]
[geekprank.com/hacker/simulador-pt/index.html]
[geekprank.com/hacker/simulateur/index.html]
[geekprank.com/hacker/simulator/index.html]
[geekprank.com/hacker/simulatoru/index.html]
[geekprank.com/hacker/typer/index.html]
[geekprank.com/hacker/hacker.css]
[geekprank.com/hacker/bitcoin-miner/index.html]
[geekprank.com/hacker/images/ui-icons_444444_256x240.html]
[geekprank.com/hacker/images/ui-icons_555555_256x240.html]
[geekprank.com/hacker/images/ui-icons_ffffff_256x240.html]
[geekprank.com/hacker/images/ui-icons_777620_256x240.html]
[geekprank.com/hacker/images/ui-icons_cc0000_256x240.html]
[geekprank.com/hacker/images/ui-icons_777777_256x240.html]
[geekprank.com/hacker/hacker.css]
[geekprank.com/hacker/hacker.js]
